[2026-10-07 15:11:59] INFO DB 접속 완료: root@127.0.0.1:3306/sku_contest
[2026-10-07 15:11:59] INFO 정적 파일 루트: www
[2026-10-07 15:12:00] INFO 접속 주소: http://www.sku14.com/
[2026-10-07 15:12:00] INFO 서버 시작: http://127.0.0.1/
[2026-10-07 15:12:26] INFO GET /api/posts -> 200 (9583 bytes)
[2026-10-07 15:12:26] INFO POST /api/register -> 201 (11 bytes)
[2026-10-07 15:12:26] INFO POST /api/register -> 201 (11 bytes)
[2026-10-07 15:12:26] INFO POST /api/login -> 200 (213 bytes)
[2026-10-07 15:12:27] INFO POST /api/login -> 200 (213 bytes)
[2026-10-07 15:12:27] INFO POST /api/posts/28/comments -> 403 (134 bytes)
[2026-10-07 15:12:27] INFO GET /api/posts/28 -> 200 (1069 bytes)
[2026-10-07 15:12:27] INFO POST /api/posts/28/comments -> 201 (11 bytes)
[2026-10-07 15:12:27] INFO POST /api/login -> 200 (170 bytes)
[2026-10-07 15:12:27] INFO POST /api/posts/28/comments -> 201 (11 bytes)
[2026-10-07 15:12:27] INFO GET /api/posts -> 200 (9604 bytes)
[2026-10-07 15:12:27] INFO POST /api/posts/28/comments -> 201 (11 bytes)
[2026-10-07 15:12:27] INFO POST /api/posts/28/comments -> 401 (77 bytes)
[2026-10-07 15:12:27] INFO PUT /api/posts/28/departments -> 200 (11 bytes)
[2026-10-07 15:13:30] INFO GET /api/posts -> 200 (9583 bytes)
[2026-10-07 15:17:13] INFO GET / -> 200 (6084 bytes)
[2026-10-07 15:17:13] INFO GET /app.js -> 200 (24235 bytes)
[2026-10-07 15:17:13] INFO GET /style.css -> 200 (8821 bytes)
[2026-10-07 15:17:13] INFO GET /api/departments -> 200 (1537 bytes)
[2026-10-07 15:17:13] INFO GET /api/me -> 200 (13 bytes)
[2026-10-07 15:17:13] INFO GET /api/posts -> 200 (9583 bytes)
[2026-10-07 15:17:26] INFO GET /api/posts -> 200 (12 bytes)
[2026-10-07 15:17:30] INFO GET /api/posts -> 200 (9583 bytes)
[2026-10-07 15:24:25] INFO GET / -> 200 (9579 bytes)
[2026-10-07 15:24:25] INFO GET /style.css -> 200 (17075 bytes)
[2026-10-07 15:24:25] INFO GET /app.js -> 200 (24789 bytes)
[2026-10-07 15:24:25] INFO GET / -> 200 (9579 bytes)
[2026-10-07 15:24:26] INFO GET /style.css -> 200 (17075 bytes)
[2026-10-07 15:26:36] INFO GET / -> 200 (9579 bytes)
[2026-10-07 15:26:36] INFO GET / -> 200 (9579 bytes)
[2026-10-07 15:26:36] INFO GET /style.css -> 200 (17075 bytes)
[2026-10-07 15:26:36] INFO GET /style.css -> 200 (17075 bytes)
[2026-10-07 15:26:36] INFO GET /app.js -> 200 (25457 bytes)
[2026-10-07 15:26:36] INFO GET /app.js -> 200 (25457 bytes)
[2026-10-07 15:26:36] INFO GET /api/posts -> 200 (9583 bytes)
[2026-10-07 15:26:37] INFO GET /api/posts -> 200 (9583 bytes)
[2026-10-07 15:26:37] INFO GET /api/departments -> 200 (1537 bytes)
[2026-10-07 15:26:37] INFO GET /api/departments -> 200 (1537 bytes)
[2026-10-07 15:28:04] INFO GET / -> 200 (9579 bytes)
[2026-10-07 15:28:04] INFO GET /style.css -> 200 (17075 bytes)
[2026-10-07 15:28:04] INFO GET /app.js -> 200 (25457 bytes)
[2026-10-07 15:28:04] INFO GET /api/departments -> 200 (1537 bytes)
[2026-10-07 15:28:04] INFO GET /api/me -> 200 (13 bytes)
[2026-10-07 15:28:04] INFO GET /api/posts -> 200 (9583 bytes)
[2026-10-07 15:28:04] INFO GET /api/posts -> 200 (9583 bytes)
[2026-10-07 15:30:28] INFO GET /api/posts -> 200 (9583 bytes)
[2026-10-07 15:32:53] INFO POST /api/login -> 200 (170 bytes)
[2026-10-07 15:32:53] INFO GET /api/departments -> 200 (1537 bytes)
[2026-10-07 15:32:54] INFO PUT /api/posts/15/departments -> 200 (11 bytes)
[2026-10-07 15:32:54] INFO GET /api/posts/15 -> 200 (663 bytes)
[2026-10-07 15:33:25] INFO POST /api/register -> 201 (11 bytes)
[2026-10-07 15:33:25] INFO POST /api/register -> 201 (11 bytes)
[2026-10-07 15:33:25] INFO POST /api/register -> 201 (11 bytes)
[2026-10-07 15:33:25] INFO POST /api/login -> 200 (210 bytes)
[2026-10-07 15:33:25] INFO POST /api/posts/15/comments -> 201 (11 bytes)
[2026-10-07 15:33:25] INFO POST /api/login -> 200 (210 bytes)
[2026-10-07 15:33:25] INFO POST /api/posts/15/comments -> 201 (11 bytes)
[2026-10-07 15:33:25] INFO POST /api/login -> 200 (210 bytes)
[2026-10-07 15:33:25] INFO POST /api/posts/15/comments -> 403 (134 bytes)
[2026-10-07 15:33:25] INFO GET /api/posts/15 -> 200 (1021 bytes)
[2026-10-07 15:33:26] INFO POST /api/posts/15/comments -> 401 (77 bytes)
[2026-10-07 15:36:27] INFO GET /api/departments -> 200 (1537 bytes)
[2026-10-07 15:36:27] INFO GET /api/posts -> 200 (9630 bytes)
[2026-10-07 15:37:03] INFO POST /api/login -> 200 (170 bytes)
[2026-10-07 15:37:03] INFO GET /api/posts -> 200 (9630 bytes)
[2026-10-07 15:37:03] INFO PUT /api/posts/1/departments -> 200 (11 bytes)
[2026-10-07 15:37:03] INFO PUT /api/posts/2/departments -> 200 (11 bytes)
[2026-10-07 15:37:03] INFO PUT /api/posts/3/departments -> 200 (11 bytes)
[2026-10-07 15:37:03] INFO PUT /api/posts/4/departments -> 200 (11 bytes)
[2026-10-07 15:37:03] INFO PUT /api/posts/5/departments -> 200 (11 bytes)
[2026-10-07 15:37:03] INFO PUT /api/posts/6/departments -> 200 (11 bytes)
[2026-10-07 15:37:03] INFO PUT /api/posts/7/departments -> 200 (11 bytes)
[2026-10-07 15:37:03] INFO PUT /api/posts/8/departments -> 200 (11 bytes)
[2026-10-07 15:37:03] INFO PUT /api/posts/9/departments -> 200 (11 bytes)
[2026-10-07 15:37:04] INFO PUT /api/posts/10/departments -> 200 (11 bytes)
[2026-10-07 15:37:04] INFO PUT /api/posts/12/departments -> 200 (11 bytes)
[2026-10-07 15:37:04] INFO PUT /api/posts/13/departments -> 200 (11 bytes)
[2026-10-07 15:37:04] INFO PUT /api/posts/16/departments -> 200 (11 bytes)
[2026-10-07 15:37:04] INFO PUT /api/posts/15/departments -> 200 (11 bytes)
[2026-10-07 15:37:04] INFO PUT /api/posts/14/departments -> 200 (11 bytes)
[2026-10-07 15:37:04] INFO PUT /api/posts/21/departments -> 200 (11 bytes)
[2026-10-07 15:37:04] INFO PUT /api/posts/23/departments -> 200 (11 bytes)
[2026-10-07 15:37:04] INFO PUT /api/posts/19/departments -> 200 (11 bytes)
[2026-10-07 15:37:04] INFO PUT /api/posts/22/departments -> 200 (11 bytes)
[2026-10-07 15:37:04] INFO PUT /api/posts/11/departments -> 200 (11 bytes)
[2026-10-07 15:37:04] INFO PUT /api/posts/24/departments -> 200 (11 bytes)
[2026-10-07 15:37:04] INFO PUT /api/posts/26/departments -> 200 (11 bytes)
[2026-10-07 15:37:04] INFO PUT /api/posts/27/departments -> 200 (11 bytes)
[2026-10-07 15:37:04] INFO PUT /api/posts/20/departments -> 200 (11 bytes)
[2026-10-07 15:37:04] INFO PUT /api/posts/17/departments -> 200 (11 bytes)
[2026-10-07 15:37:04] INFO PUT /api/posts/25/departments -> 200 (11 bytes)
[2026-10-07 15:37:04] INFO PUT /api/posts/18/departments -> 200 (11 bytes)
[2026-10-07 15:37:04] INFO PUT /api/posts/28/departments -> 200 (11 bytes)
[2026-10-07 15:37:32] INFO POST /api/register -> 201 (11 bytes)
[2026-10-07 15:37:32] INFO POST /api/register -> 201 (11 bytes)
[2026-10-07 15:37:32] INFO POST /api/login -> 200 (213 bytes)
[2026-10-07 15:37:32] INFO POST /api/login -> 200 (205 bytes)
[2026-10-07 15:37:32] INFO GET /api/posts -> 200 (10952 bytes)
[2026-10-07 15:37:32] INFO GET /api/posts -> 200 (4458 bytes)
[2026-10-07 15:37:33] INFO GET /api/posts -> 200 (10963 bytes)
[2026-10-07 15:37:33] INFO POST /api/posts/12/comments -> 201 (11 bytes)
[2026-10-07 15:37:33] INFO POST /api/posts/12/comments -> 403 (134 bytes)
[2026-10-07 15:37:33] INFO POST /api/posts/20/comments -> 201 (11 bytes)
